=== uYzzfQ51V2U
[info] Writing video subtitles to: uYzzfQ51V2U.en.srt
ERROR: Unable to download video subtitles for 'en': HTTP Error 429: Too Many Requests
=== kpfzh2rsV1c
ERROR: [youtube] kpfzh2rsV1c: Sign in to confirm you’re not a bot. Use --cookies-from-browser or --cookies for the authentication. See  https://github.com/yt-dlp/yt-dlp/wiki/FAQ#how-do-i-pass-cookies-to-yt-dlp  for how to manually pass cookies. Also see  https://github.com/yt-dlp/yt-dlp/wiki/Extractors#exporting-youtube-cookies  for tips on effectively exporting YouTube cookies
=== Exq_aynYzrM
[info] Writing video subtitles to: Exq_aynYzrM.en-orig.srt
[info] Writing video subtitles to: Exq_aynYzrM.en.srt
=== aJX2H54MPXY
[info] Writing video subtitles to: aJX2H54MPXY.en.srt
ERROR: Unable to download video subtitles for 'en': HTTP Error 429: Too Many Requests
=== A8uokmk_MvE
[info] Writing video subtitles to: A8uokmk_MvE.en-orig.srt
ERROR: Unable to download video subtitles for 'en-orig': HTTP Error 429: Too Many Requests
=== p6l-bd34Hhk
[info] Writing video subtitles to: p6l-bd34Hhk.en.srt
ERROR: Unable to download video subtitles for 'en': HTTP Error 429: Too Many Requests
=== PFY96JwLHTQ
[info] Writing video subtitles to: PFY96JwLHTQ.en-orig.srt
[info] Writing video subtitles to: PFY96JwLHTQ.en.srt
=== bTQM2XMec6M
[info] Writing video subtitles to: bTQM2XMec6M.en-orig.srt
[info] Writing video subtitles to: bTQM2XMec6M.en.srt
ERROR: Unable to download video subtitles for 'en': HTTP Error 429: Too Many Requests
SUBS-DONE
9
